Creating CAP1000 event…
Publishing CAP1000 layout…
cap1000-live-c077b91e-9078-4563-9930-ceff99e2d269 layout batch 1 tables…

<--- Last few GCs --->

[91233:0x150008000]    43450 ms: Mark-Compact (reduce) 1021.8 (1042.3) -> 1021.5 (1042.5) MB, 10.62 / 0.00 ms  (+ 156.5 ms in 50 steps since start of marking, biggest step 6.6 ms, walltime since start of marking 194 ms) (average mu = 0.497, current mu = 0[91233:0x150008000]    44027 ms: Mark-Compact (reduce) 1023.3 (1043.4) -> 1022.5 (1043.6) MB, 574.58 / 0.00 ms  (average mu = 0.185, current mu = 0.004) allocation failure; scavenge might not succeed


<--- JS stacktrace --->

FATAL ERROR: Reached heap limit Allocation failed - JavaScript heap out of memory
----- Native stack trace -----

 1: 0x104dc1334 node::OOMErrorHandler(char const*, v8::OOMDetails const&) [/Users/maisondoclar/.nvm/versions/node/v20.19.0/bin/node]
 2: 0x104f7de84 v8::internal::V8::FatalProcessOutOfMemory(v8::internal::Isolate*, char const*, v8::OOMDetails const&) [/Users/maisondoclar/.nvm/versions/node/v20.19.0/bin/node]
 3: 0x10518bcd8 v8::internal::Heap::GarbageCollectionReasonToString(v8::internal::GarbageCollectionReason) [/Users/maisondoclar/.nvm/versions/node/v20.19.0/bin/node]
 4: 0x10518a640 v8::internal::Heap::CollectGarbage(v8::internal::AllocationSpace, v8::internal::GarbageCollectionReason, v8::GCCallbackFlags) [/Users/maisondoclar/.nvm/versions/node/v20.19.0/bin/node]
 5: 0x1051804dc v8::internal::HeapAllocator::AllocateRawWithLightRetrySlowPath(int, v8::internal::AllocationType, v8::internal::AllocationOrigin, v8::internal::AllocationAlignment) [/Users/maisondoclar/.nvm/versions/node/v20.19.0/bin/node]
 6: 0x105180d34 v8::internal::HeapAllocator::AllocateRawWithRetryOrFailSlowPath(int, v8::internal::AllocationType, v8::internal::AllocationOrigin, v8::internal::AllocationAlignment) [/Users/maisondoclar/.nvm/versions/node/v20.19.0/bin/node]
 7: 0x105164ac4 v8::internal::Factory::AllocateRaw(int, v8::internal::AllocationType, v8::internal::AllocationAlignment) [/Users/maisondoclar/.nvm/versions/node/v20.19.0/bin/node]
 8: 0x10515a9ac v8::internal::MaybeHandle<v8::internal::SeqOneByteString> v8::internal::FactoryBase<v8::internal::Factory>::NewRawStringWithMap<v8::internal::SeqOneByteString>(int, v8::internal::Map, v8::internal::AllocationType) [/Users/maisondoclar/.nvm/versions/node/v20.19.0/bin/node]
 9: 0x10515a650 v8::internal::FactoryBase<v8::internal::Factory>::NewStringFromOneByte(v8::base::Vector<unsigned char const> const&, v8::internal::AllocationType) [/Users/maisondoclar/.nvm/versions/node/v20.19.0/bin/node]
10: 0x10549e5c4 v8::internal::ValueDeserializer::ReadOneByteString(v8::internal::AllocationType) [/Users/maisondoclar/.nvm/versions/node/v20.19.0/bin/node]
11: 0x10549d5f8 v8::internal::ValueDeserializer::ReadObjectInternal() [/Users/maisondoclar/.nvm/versions/node/v20.19.0/bin/node]
12: 0x10549d49c v8::internal::ValueDeserializer::ReadObject() [/Users/maisondoclar/.nvm/versions/node/v20.19.0/bin/node]
13: 0x1054a2344 v8::internal::ValueDeserializer::ReadJSObjectProperties(v8::internal::Handle<v8::internal::JSObject>, v8::internal::SerializationTag, bool) [/Users/maisondoclar/.nvm/versions/node/v20.19.0/bin/node]
14: 0x10549e9c8 v8::internal::ValueDeserializer::ReadJSObject() [/Users/maisondoclar/.nvm/versions/node/v20.19.0/bin/node]
15: 0x10549d888 v8::internal::ValueDeserializer::ReadObjectInternal() [/Users/maisondoclar/.nvm/versions/node/v20.19.0/bin/node]
16: 0x10549d49c v8::internal::ValueDeserializer::ReadObject() [/Users/maisondoclar/.nvm/versions/node/v20.19.0/bin/node]
17: 0x1054a23d8 v8::internal::ValueDeserializer::ReadJSObjectProperties(v8::internal::Handle<v8::internal::JSObject>, v8::internal::SerializationTag, bool) [/Users/maisondoclar/.nvm/versions/node/v20.19.0/bin/node]
18: 0x10549ed40 v8::internal::ValueDeserializer::ReadSparseJSArray() [/Users/maisondoclar/.nvm/versions/node/v20.19.0/bin/node]
19: 0x10549d848 v8::internal::ValueDeserializer::ReadObjectInternal() [/Users/maisondoclar/.nvm/versions/node/v20.19.0/bin/node]
20: 0x10549d49c v8::internal::ValueDeserializer::ReadObject() [/Users/maisondoclar/.nvm/versions/node/v20.19.0/bin/node]
21: 0x1054a2344 v8::internal::ValueDeserializer::ReadJSObjectProperties(v8::internal::Handle<v8::internal::JSObject>, v8::internal::SerializationTag, bool) [/Users/maisondoclar/.nvm/versions/node/v20.19.0/bin/node]
22: 0x10549e9c8 v8::internal::ValueDeserializer::ReadJSObject() [/Users/maisondoclar/.nvm/versions/node/v20.19.0/bin/node]
23: 0x10549d888 v8::internal::ValueDeserializer::ReadObjectInternal() [/Users/maisondoclar/.nvm/versions/node/v20.19.0/bin/node]
24: 0x10549d49c v8::internal::ValueDeserializer::ReadObject() [/Users/maisondoclar/.nvm/versions/node/v20.19.0/bin/node]
25: 0x10549d3c0 v8::internal::ValueDeserializer::ReadObjectWrapper() [/Users/maisondoclar/.nvm/versions/node/v20.19.0/bin/node]
26: 0x104f8d8b0 v8::ValueDeserializer::ReadValue(v8::Local<v8::Context>) [/Users/maisondoclar/.nvm/versions/node/v20.19.0/bin/node]
27: 0x104e04d58 node::worker::Message::Deserialize(node::Environment*, v8::Local<v8::Context>, v8::Local<v8::Value>*) [/Users/maisondoclar/.nvm/versions/node/v20.19.0/bin/node]
28: 0x104e0c974 node::worker::(anonymous namespace)::StructuredClone(v8::FunctionCallbackInfo<v8::Value> const&) [/Users/maisondoclar/.nvm/versions/node/v20.19.0/bin/node]
29: 0x104ff1324 v8::internal::MaybeHandle<v8::internal::Object> v8::internal::(anonymous namespace)::HandleApiCallHelper<false>(v8::internal::Isolate*, v8::internal::Handle<v8::internal::HeapObject>, v8::internal::Handle<v8::internal::FunctionTemplateInfo>, v8::internal::Handle<v8::internal::Object>, unsigned long*, int) [/Users/maisondoclar/.nvm/versions/node/v20.19.0/bin/node]
30: 0x104ff0b74 v8::internal::Builtin_HandleApiCall(int, unsigned long*, v8::internal::Isolate*) [/Users/maisondoclar/.nvm/versions/node/v20.19.0/bin/node]
31: 0x105904b24 Builtins_CEntry_Return1_ArgvOnStack_BuiltinExit [/Users/maisondoclar/.nvm/versions/node/v20.19.0/bin/node]
32: 0x10a9705e8 
33: 0x10a949964 
34: 0x10a81ea1c 
35: 0x10a960f58 
36: 0x10587c3e4 Builtins_InterpreterEntryTrampoline [/Users/maisondoclar/.nvm/versions/node/v20.19.0/bin/node]
37: 0x10587c3e4 Builtins_InterpreterEntryTrampoline [/Users/maisondoclar/.nvm/versions/node/v20.19.0/bin/node]
38: 0x1058b3210 Builtins_AsyncFunctionAwaitResolveClosure [/Users/maisondoclar/.nvm/versions/node/v20.19.0/bin/node]
39: 0x105960fb8 Builtins_PromiseFulfillReactionJob [/Users/maisondoclar/.nvm/versions/node/v20.19.0/bin/node]
40: 0x1058a2b94 Builtins_RunMicrotasks [/Users/maisondoclar/.nvm/versions/node/v20.19.0/bin/node]
41: 0x10587a3f4 Builtins_JSRunMicrotasksEntry [/Users/maisondoclar/.nvm/versions/node/v20.19.0/bin/node]
42: 0x1050f6748 v8::internal::(anonymous namespace)::Invoke(v8::internal::Isolate*, v8::internal::(anonymous namespace)::InvokeParams const&) [/Users/maisondoclar/.nvm/versions/node/v20.19.0/bin/node]
43: 0x1050f7074 v8::internal::(anonymous namespace)::InvokeWithTryCatch(v8::internal::Isolate*, v8::internal::(anonymous namespace)::InvokeParams const&) [/Users/maisondoclar/.nvm/versions/node/v20.19.0/bin/node]
44: 0x1050f7260 v8::internal::Execution::TryRunMicrotasks(v8::internal::Isolate*, v8::internal::MicrotaskQueue*) [/Users/maisondoclar/.nvm/versions/node/v20.19.0/bin/node]
45: 0x105121f50 v8::internal::MicrotaskQueue::RunMicrotasks(v8::internal::Isolate*) [/Users/maisondoclar/.nvm/versions/node/v20.19.0/bin/node]
46: 0x1051226dc v8::internal::MicrotaskQueue::PerformCheckpoint(v8::Isolate*) [/Users/maisondoclar/.nvm/versions/node/v20.19.0/bin/node]
47: 0x104ff1324 v8::internal::MaybeHandle<v8::internal::Object> v8::internal::(anonymous namespace)::HandleApiCallHelper<false>(v8::internal::Isolate*, v8::internal::Handle<v8::internal::HeapObject>, v8::internal::Handle<v8::internal::FunctionTemplateInfo>, v8::internal::Handle<v8::internal::Object>, unsigned long*, int) [/Users/maisondoclar/.nvm/versions/node/v20.19.0/bin/node]
48: 0x104ff0b74 v8::internal::Builtin_HandleApiCall(int, unsigned long*, v8::internal::Isolate*) [/Users/maisondoclar/.nvm/versions/node/v20.19.0/bin/node]
49: 0x105904b24 Builtins_CEntry_Return1_ArgvOnStack_BuiltinExit [/Users/maisondoclar/.nvm/versions/node/v20.19.0/bin/node]
50: 0x10a8101a8 
51: 0x10587a50c Builtins_JSEntryTrampoline [/Users/maisondoclar/.nvm/versions/node/v20.19.0/bin/node]
52: 0x10587a1f4 Builtins_JSEntry [/Users/maisondoclar/.nvm/versions/node/v20.19.0/bin/node]
53: 0x1050f6790 v8::internal::(anonymous namespace)::Invoke(v8::internal::Isolate*, v8::internal::(anonymous namespace)::InvokeParams const&) [/Users/maisondoclar/.nvm/versions/node/v20.19.0/bin/node]
54: 0x1050f6024 v8::internal::Execution::Call(v8::internal::Isolate*, v8::internal::Handle<v8::internal::Object>, v8::internal::Handle<v8::internal::Object>, int, v8::internal::Handle<v8::internal::Object>*) [/Users/maisondoclar/.nvm/versions/node/v20.19.0/bin/node]
55: 0x104f99eb4 v8::Function::Call(v8::Local<v8::Context>, v8::Local<v8::Value>, int, v8::Local<v8::Value>*) [/Users/maisondoclar/.nvm/versions/node/v20.19.0/bin/node]
56: 0x104cd8d5c node::InternalCallbackScope::Close() [/Users/maisondoclar/.nvm/versions/node/v20.19.0/bin/node]
57: 0x104cd8fb4 node::InternalMakeCallback(node::Environment*, v8::Local<v8::Object>, v8::Local<v8::Object>, v8::Local<v8::Function>, int, v8::Local<v8::Value>*, node::async_context) [/Users/maisondoclar/.nvm/versions/node/v20.19.0/bin/node]
58: 0x104ced2f0 node::AsyncWrap::MakeCallback(v8::Local<v8::Function>, int, v8::Local<v8::Value>*) [/Users/maisondoclar/.nvm/versions/node/v20.19.0/bin/node]
59: 0x104ea8960 node::StreamBase::CallJSOnreadMethod(long, v8::Local<v8::ArrayBuffer>, unsigned long, node::StreamBase::StreamBaseJSChecks) [/Users/maisondoclar/.nvm/versions/node/v20.19.0/bin/node]
60: 0x104eaa0dc node::EmitToJSStreamListener::OnStreamRead(long, uv_buf_t const&) [/Users/maisondoclar/.nvm/versions/node/v20.19.0/bin/node]
61: 0x104eae918 node::LibuvStreamWrap::OnUvRead(long, uv_buf_t const*) [/Users/maisondoclar/.nvm/versions/node/v20.19.0/bin/node]
62: 0x104eaf030 node::LibuvStreamWrap::ReadStart()::$_1::__invoke(uv_stream_s*, long, uv_buf_t const*) [/Users/maisondoclar/.nvm/versions/node/v20.19.0/bin/node]
63: 0x105866878 uv__stream_io [/Users/maisondoclar/.nvm/versions/node/v20.19.0/bin/node]
64: 0x10586e504 uv__io_poll [/Users/maisondoclar/.nvm/versions/node/v20.19.0/bin/node]
65: 0x10585bdc4 uv_run [/Users/maisondoclar/.nvm/versions/node/v20.19.0/bin/node]
66: 0x104cd97e8 node::SpinEventLoopInternal(node::Environment*) [/Users/maisondoclar/.nvm/versions/node/v20.19.0/bin/node]
67: 0x104e0448c node::NodeMainInstance::Run() [/Users/maisondoclar/.nvm/versions/node/v20.19.0/bin/node]
68: 0x104d83a78 node::Start(int, char**) [/Users/maisondoclar/.nvm/versions/node/v20.19.0/bin/node]
69: 0x1916b8274 start [/usr/lib/dyld]
undefined
/Users/maisondoclar/Desktop/atelier-doclar/apps/event-os:
 ERR_PNPM_RECURSIVE_EXEC_FIRST_FAIL  Command failed with exit code 134: tsx ../../apps/event-os/scripts/s06-capacity-live-install.ts --fixture CAP1000 --confirm-synthetic-qualification --manifest-dir /tmp/s06-capacity-live-cap1000-live
