Creating CAP1000 event…
Publishing CAP1000 layout…
cap1000-live-5fc07db4-96c8-4d1a-840f-4534672789d6 layout batch 1 tables…
cap1000-live-5fc07db4-96c8-4d1a-840f-4534672789d6 layout batch 1 flush…
cap1000-live-5fc07db4-96c8-4d1a-840f-4534672789d6 layout batch 2 tables…
cap1000-live-5fc07db4-96c8-4d1a-840f-4534672789d6 layout batch 2 flush…
cap1000-live-5fc07db4-96c8-4d1a-840f-4534672789d6 layout batch 3 tables…
cap1000-live-5fc07db4-96c8-4d1a-840f-4534672789d6 layout batch 3 flush…
CAP1000 guests flushed 25/1000
CAP1000 guests flushed 50/1000
CAP1000 guests flushed 75/1000
CAP1000 guests flushed 100/1000
CAP1000 guests flushed 125/1000
CAP1000 guests flushed 150/1000
CAP1000 guests flushed 175/1000
CAP1000 guests flushed 200/1000
CAP1000 guests flushed 225/1000
CAP1000 guests flushed 250/1000
CAP1000 guests flushed 275/1000
CAP1000 guests flushed 300/1000
CAP1000 guests flushed 325/1000
CAP1000 guests flushed 350/1000
CAP1000 guests flushed 375/1000
CAP1000 guests flushed 400/1000
CAP1000 guests flushed 425/1000
CAP1000 guests flushed 450/1000
CAP1000 guests flushed 475/1000
CAP1000 guests flushed 500/1000
CAP1000 guests flushed 525/1000
CAP1000 guests flushed 550/1000
CAP1000 guests flushed 575/1000
CAP1000 guests flushed 600/1000
CAP1000 guests flushed 625/1000
CAP1000 guests flushed 650/1000
CAP1000 guests flushed 675/1000
CAP1000 guests flushed 700/1000
CAP1000 guests flushed 725/1000
CAP1000 guests flushed 750/1000
CAP1000 guests flushed 775/1000
CAP1000 guests flushed 800/1000
CAP1000 guests flushed 825/1000
CAP1000 guests flushed 850/1000
CAP1000 guests flushed 875/1000
CAP1000 guests flushed 900/1000
CAP1000 guests flushed 925/1000
CAP1000 guests flushed 950/1000
CAP1000 guests flushed 975/1000
CAP1000 guests flushed 1000/1000
{
  "ok": true,
  "manifest": "/tmp/s06-capacity-live-cap1000-scoped/manifest.json",
  "telemetryPath": "/tmp/CAP1000_PRODUCT_INSTALL_LIVE_SCOPED.jsonl",
  "result": {
    "fixture": "CAP1000",
    "dryRun": false,
    "verifyOnly": false,
    "replay": false,
    "eventId": "5fc07db4-96c8-4d1a-840f-4534672789d6",
    "eventCode": "CAP1000",
    "eventName": "[SYNTHETIC STRETCH QUALIFICATION] Capacity Stretch 1000",
    "edition": "eos-s06-capacity-1000-v1",
    "guestCount": 1000,
    "tableCount": 110,
    "seatCount": 1000,
    "plannerAssignmentId": "0e13cc68-ffa1-4ca4-bab0-06753b03a005",
    "directorAssignmentId": "a73af8f4-4ce9-43bc-9053-a594d315cbf3",
    "auditorAssignmentId": "2432a311-7211-4605-b207-f4025c564b2c",
    "ceoEventAssignmentId": "e812adf1-7347-4bd0-bf38-45fe2b6b3dac",
    "corpusSeed": "eos-s06-cap-B-typical-1000-v1",
    "corpusHash": "57d5398b933e2fc4cfde85ffe70d1e0b7e03be00ddde8cb7511c1518bf57c1cc",
    "installedAt": "2026-09-18T00:44:46.362Z"
  }
}
