CAP600 exact replay — returning existing event 053fa686-124e-49b3-b8a8-d0497c0a1668
{
  "ok": true,
  "manifest": "/tmp/s06-cap600-verify-stage1/manifest.json",
  "result": {
    "fixture": "CAP600",
    "dryRun": false,
    "verifyOnly": true,
    "replay": true,
    "eventId": "053fa686-124e-49b3-b8a8-d0497c0a1668",
    "eventCode": "CAP600",
    "eventName": "[SYNTHETIC QUALIFICATION] Capacity Qualification 600",
    "edition": "eos-s06-capacity-600-v1",
    "guestCount": 600,
    "tableCount": 63,
    "seatCount": 600,
    "evidenceCommit": "5561171261f3c193136a0b3be5dbd504a2ed8f70",
    "corpusSeed": "eos-s06-cap-B-typical-600-v1",
    "corpusHash": "08309644e65bd3f4f927461ac92b09692a5f766a344da5402011452b9692f160",
    "installedAt": "2026-09-16T15:09:18.883Z"
  }
}
