[M6E-CAP600 +35178ms] preflight OK worker=worker:6515380f7ebc:1ec6b6ae image=event-os-solver-worker:m6e-worker-8c8d922 guests=600 corpus=08309644e65b
[M6E-CAP600 +39017ms] frozen package=0a9fcbeb-ad74-45c1-9658-e82177fe3165 application=REPLAYED freezeMs=3682
[M6E-CAP600 +45568ms] enqueued run=9ff7594d-8957-4b36-80d0-1502e804f1c4 application=APPLIED queueMs=6550
[M6E-CAP600 +45778ms] poll status=RUNNING phase=accepted product=-
[M6E-CAP600 +48008ms] poll status=RUNNING phase=sealing candidate product=-
[M6E-CAP600 +50228ms] poll status=READY_FOR_REVIEW phase=sealed product=OPTIMAL
{
  "scale": "CAP600",
  "disposition": "PASS",
  "eventId": "053fa686-124e-49b3-b8a8-d0497c0a1668",
  "runId": "9ff7594d-8957-4b36-80d0-1502e804f1c4",
  "packageId": "0a9fcbeb-ad74-45c1-9658-e82177fe3165",
  "corpusSeed": "eos-s06-cap-B-typical-600-v1",
  "corpusHash": "08309644e65bd3f4f927461ac92b09692a5f766a344da5402011452b9692f160",
  "acceptedHash": "08309644e65bd3f4f927461ac92b09692a5f766a344da5402011452b9692f160",
  "maxTimeSeconds": 45,
  "wallStopLossMs": 90000,
  "worker": {
    "workerId": "worker:6515380f7ebc:1ec6b6ae",
    "imageIdentity": "event-os-solver-worker:m6e-worker-8c8d922",
    "imageDigest": "sha256:276c685860981d139f554548ed55f701253530808a0f914de848d1fa08fe788f",
    "qualifiedMaxGuests": 10000
  },
  "terminal": {
    "status": "READY_FOR_REVIEW",
    "productResult": "OPTIMAL",
    "evidenceGrade": "OPTIMAL_PROOF",
    "progressPhase": "sealed",
    "faultCode": null,
    "stopReason": "VERIFIED_SEALED",
    "attemptCount": 1,
    "childInvocationCount": 1,
    "solutionsFound": 1
  },
  "correctness": {
    "seated": 600,
    "uniqueGuests": 600,
    "uniquePositions": 600,
    "expectedSeated": 600
  },
  "timings": {
    "freezeMs": 3682,
    "queueMs": 6550,
    "claimLatencyMs": 3000,
    "solveWallMs": null,
    "deterministicMs": null,
    "totalWallMs": 51118
  },
  "containment": {
    "leaseCleared": true,
    "queueEmpty": true,
    "notAdopted": true,
    "baselineUnchanged": true,
    "baselineEvent": "92909476-d3f9-43f1-a5f7-7e1a83c92fbd"
  },
  "at": "2026-09-17T21:38:45.873Z"
}
