The push refers to repository [ghcr.io/kglaw-oluseyi/atelier-doclar-solver-worker]
56235e424563: Waiting
0ef5b96814dd: Waiting
6310eb16bf42: Waiting
7b28ab94da3f: Waiting
dbd0b7849e6c: Waiting
dd32986133cf: Waiting
bcf25719611a: Waiting
4f4fb700ef54: Waiting
642b07de0f4d: Waiting
03964427f302: Waiting
4475c837f89a: Waiting
1560cfed01dc: Waiting
b4ce0c328fac: Waiting
bfe0e469f036: Waiting
ec4d8281a88e: Waiting
bcf25719611a: Waiting
4f4fb700ef54: Waiting
642b07de0f4d: Waiting
03964427f302: Waiting
4475c837f89a: Waiting
1560cfed01dc: Waiting
b4ce0c328fac: Waiting
bfe0e469f036: Waiting
ec4d8281a88e: Waiting
56235e424563: Waiting
0ef5b96814dd: Waiting
6310eb16bf42: Waiting
7b28ab94da3f: Waiting
dbd0b7849e6c: Waiting
dd32986133cf: Waiting
642b07de0f4d: Waiting
03964427f302: Waiting
4475c837f89a: Waiting
1560cfed01dc: Waiting
b4ce0c328fac: Waiting
bfe0e469f036: Waiting
ec4d8281a88e: Waiting
56235e424563: Waiting
0ef5b96814dd: Waiting
6310eb16bf42: Waiting
7b28ab94da3f: Waiting
dbd0b7849e6c: Waiting
dd32986133cf: Waiting
bcf25719611a: Waiting
4f4fb700ef54: Waiting
4475c837f89a: Waiting
1560cfed01dc: Waiting
b4ce0c328fac: Waiting
bfe0e469f036: Waiting
ec4d8281a88e: Waiting
56235e424563: Waiting
0ef5b96814dd: Waiting
6310eb16bf42: Waiting
7b28ab94da3f: Waiting
dbd0b7849e6c: Waiting
dd32986133cf: Waiting
bcf25719611a: Waiting
4f4fb700ef54: Waiting
642b07de0f4d: Waiting
03964427f302: Waiting
4f4fb700ef54: Waiting
642b07de0f4d: Waiting
03964427f302: Waiting
4475c837f89a: Waiting
1560cfed01dc: Waiting
b4ce0c328fac: Waiting
bfe0e469f036: Waiting
ec4d8281a88e: Waiting
56235e424563: Waiting
0ef5b96814dd: Waiting
6310eb16bf42: Waiting
7b28ab94da3f: Waiting
dbd0b7849e6c: Waiting
dd32986133cf: Waiting
bcf25719611a: Waiting
dbd0b7849e6c: Waiting
dd32986133cf: Waiting
bcf25719611a: Waiting
4f4fb700ef54: Waiting
642b07de0f4d: Waiting
03964427f302: Waiting
4475c837f89a: Waiting
1560cfed01dc: Waiting
b4ce0c328fac: Waiting
bfe0e469f036: Waiting
ec4d8281a88e: Waiting
56235e424563: Waiting
0ef5b96814dd: Waiting
6310eb16bf42: Waiting
7b28ab94da3f: Waiting
642b07de0f4d: Waiting
03964427f302: Waiting
4475c837f89a: Waiting
1560cfed01dc: Waiting
b4ce0c328fac: Waiting
bfe0e469f036: Waiting
ec4d8281a88e: Waiting
56235e424563: Waiting
0ef5b96814dd: Waiting
6310eb16bf42: Waiting
7b28ab94da3f: Waiting
dbd0b7849e6c: Waiting
dd32986133cf: Waiting
bcf25719611a: Waiting
4f4fb700ef54: Waiting
4f4fb700ef54: Waiting
642b07de0f4d: Waiting
03964427f302: Waiting
4475c837f89a: Waiting
1560cfed01dc: Waiting
b4ce0c328fac: Waiting
bfe0e469f036: Waiting
ec4d8281a88e: Waiting
56235e424563: Waiting
0ef5b96814dd: Waiting
6310eb16bf42: Waiting
7b28ab94da3f: Waiting
dbd0b7849e6c: Waiting
dd32986133cf: Waiting
bcf25719611a: Waiting
dbd0b7849e6c: Waiting
dd32986133cf: Waiting
bcf25719611a: Waiting
4f4fb700ef54: Waiting
642b07de0f4d: Waiting
03964427f302: Waiting
4475c837f89a: Waiting
1560cfed01dc: Waiting
b4ce0c328fac: Waiting
bfe0e469f036: Waiting
ec4d8281a88e: Waiting
56235e424563: Waiting
0ef5b96814dd: Waiting
6310eb16bf42: Waiting
7b28ab94da3f: Waiting
b4ce0c328fac: Waiting
bfe0e469f036: Waiting
ec4d8281a88e: Waiting
56235e424563: Waiting
0ef5b96814dd: Waiting
6310eb16bf42: Waiting
7b28ab94da3f: Waiting
dbd0b7849e6c: Waiting
dd32986133cf: Waiting
bcf25719611a: Waiting
4f4fb700ef54: Waiting
642b07de0f4d: Waiting
03964427f302: Waiting
4475c837f89a: Waiting
1560cfed01dc: Waiting
03964427f302: Waiting
4475c837f89a: Waiting
1560cfed01dc: Waiting
b4ce0c328fac: Waiting
bfe0e469f036: Waiting
ec4d8281a88e: Waiting
56235e424563: Waiting
0ef5b96814dd: Waiting
6310eb16bf42: Waiting
7b28ab94da3f: Waiting
dbd0b7849e6c: Waiting
dd32986133cf: Waiting
bcf25719611a: Waiting
4f4fb700ef54: Waiting
642b07de0f4d: Waiting
642b07de0f4d: Waiting
03964427f302: Waiting
4475c837f89a: Waiting
1560cfed01dc: Waiting
b4ce0c328fac: Waiting
bfe0e469f036: Waiting
ec4d8281a88e: Waiting
56235e424563: Waiting
0ef5b96814dd: Waiting
6310eb16bf42: Layer already exists
7b28ab94da3f: Waiting
dbd0b7849e6c: Layer already exists
dd32986133cf: Waiting
bcf25719611a: Waiting
4f4fb700ef54: Layer already exists
dd32986133cf: Waiting
bcf25719611a: Waiting
642b07de0f4d: Waiting
03964427f302: Waiting
4475c837f89a: Waiting
1560cfed01dc: Waiting
b4ce0c328fac: Waiting
bfe0e469f036: Waiting
56235e424563: Waiting
0ef5b96814dd: Waiting
7b28ab94da3f: Waiting
56235e424563: Layer already exists
0ef5b96814dd: Waiting
1560cfed01dc: Layer already exists
0ef5b96814dd: Waiting
0ef5b96814dd: Waiting
ec4d8281a88e: Pushed
4475c837f89a: Pushed
bfe0e469f036: Pushed
03964427f302: Pushed
bcf25719611a: Pushed
dd32986133cf: Pushed
0ef5b96814dd: Pushed
7b28ab94da3f: Pushed
642b07de0f4d: Pushed
b4ce0c328fac: Pushed
m6e-worker-8c8d922: digest: sha256:276c685860981d139f554548ed55f701253530808a0f914de848d1fa08fe788f size: 856
